------------------------------------------------------------
TimeQuest Timing Analyzer Summary
------------------------------------------------------------

Type  : Slow 1200mV 85C Model Setup 'clk1'
Slack : -9.817
TNS   : -257.929

Type  : Slow 1200mV 85C Model Hold 'clk1'
Slack : 0.468
TNS   : 0.000

Type  : Slow 1200mV 85C Model Recovery 'clk1'
Slack : 2.341
TNS   : 0.000

Type  : Slow 1200mV 85C Model Removal 'clk1'
Slack : 2.482
TNS   : 0.000

Type  : Slow 1200mV 85C Model Minimum Pulse Width 'clk1'
Slack : 3.239
TNS   : 0.000

Type  : Slow 1200mV 0C Model Setup 'clk1'
Slack : -9.017
TNS   : -189.796

Type  : Slow 1200mV 0C Model Hold 'clk1'
Slack : 0.441
TNS   : 0.000

Type  : Slow 1200mV 0C Model Recovery 'clk1'
Slack : 2.391
TNS   : 0.000

Type  : Slow 1200mV 0C Model Removal 'clk1'
Slack : 2.431
TNS   : 0.000

Type  : Slow 1200mV 0C Model Minimum Pulse Width 'clk1'
Slack : 3.239
TNS   : 0.000

Type  : Fast 1200mV 0C Model Setup 'clk1'
Slack : 1.410
TNS   : 0.000

Type  : Fast 1200mV 0C Model Hold 'clk1'
Slack : 0.162
TNS   : 0.000

Type  : Fast 1200mV 0C Model Recovery 'clk1'
Slack : 3.676
TNS   : 0.000

Type  : Fast 1200mV 0C Model Removal 'clk1'
Slack : 2.024
TNS   : 0.000

Type  : Fast 1200mV 0C Model Minimum Pulse Width 'clk1'
Slack : 3.410
TNS   : 0.000

------------------------------------------------------------
